
Memory Configuration

Name             Origin             Length             Attributes
FLASH            0x0000000008000000 0x0000000000010000 xr
SRAM             0x0000000020000000 0x0000000000005000 xrw
*default*        0x0000000000000000 0xffffffffffffffff

Linker script and memory map

LOAD main.o
LOAD startup_stm32f103c8t6.o
                0x0000000020005000                _estack = (ORIGIN (SRAM) + LENGTH (SRAM))

.text           0x0000000008000000       0xd8
 *(.vectors)
 .vectors       0x0000000008000000       0x40 startup_stm32f103c8t6.o
 *(.text*)
 .text          0x0000000008000040        0x0 main.o
 .text.startup  0x0000000008000040       0x48 main.o
                0x0000000008000040                main
 .text          0x0000000008000088       0x50 startup_stm32f103c8t6.o
                0x0000000008000088                Reset_Handler
                0x00000000080000bc                DebugMon_Handler
                0x00000000080000bc                HardFault_Handler
                0x00000000080000bc                SysTick_Handler
                0x00000000080000bc                PendSV_Handler
                0x00000000080000bc                NMI_Handler
                0x00000000080000bc                UsageFault_Handler
                0x00000000080000bc                MemManage_Handler
                0x00000000080000bc                SVC_Handler
                0x00000000080000bc                BusFault_Handler
 *(.rodata*)
                0x00000000080000d8                . = ALIGN (0x4)
                0x00000000080000d8                _etext = .
                0x00000000080000d8                _sidata = LOADADDR (.data)

.glue_7         0x00000000080000d8        0x0
 .glue_7        0x00000000080000d8        0x0 linker stubs

.glue_7t        0x00000000080000d8        0x0
 .glue_7t       0x00000000080000d8        0x0 linker stubs

.vfp11_veneer   0x00000000080000d8        0x0
 .vfp11_veneer  0x00000000080000d8        0x0 linker stubs

.v4_bx          0x00000000080000d8        0x0
 .v4_bx         0x00000000080000d8        0x0 linker stubs

.iplt           0x00000000080000d8        0x0
 .iplt          0x00000000080000d8        0x0 main.o

.rel.dyn        0x00000000080000d8        0x0
 .rel.iplt      0x00000000080000d8        0x0 main.o

.data           0x0000000020000000        0x0 load address 0x00000000080000d8
                0x0000000020000000                _sdata = .
 *(.data*)
 .data          0x0000000020000000        0x0 main.o
 .data          0x0000000020000000        0x0 startup_stm32f103c8t6.o
                0x0000000020000000                . = ALIGN (0x4)
                0x0000000020000000                _edata = .

.igot.plt       0x0000000020000000        0x0 load address 0x00000000080000d8
 .igot.plt      0x0000000020000000        0x0 main.o

.bss            0x0000000020000000        0x0 load address 0x00000000080000d8
                0x0000000020000000                _sbss = .
 *(.bss*)
 .bss           0x0000000020000000        0x0 main.o
 .bss           0x0000000020000000        0x0 startup_stm32f103c8t6.o
 *(COMMON)
                0x0000000020000000                . = ALIGN (0x4)
                0x0000000020000000                _ebss = .
OUTPUT(firmware.elf elf32-littlearm)
LOAD linker stubs

.debug_info     0x0000000000000000       0xd9
 .debug_info    0x0000000000000000       0xb3 main.o
 .debug_info    0x00000000000000b3       0x26 startup_stm32f103c8t6.o

.debug_abbrev   0x0000000000000000       0xb8
 .debug_abbrev  0x0000000000000000       0xa4 main.o
 .debug_abbrev  0x00000000000000a4       0x14 startup_stm32f103c8t6.o

.debug_loc      0x0000000000000000       0x8e
 .debug_loc     0x0000000000000000       0x8e main.o

.debug_aranges  0x0000000000000000       0x40
 .debug_aranges
                0x0000000000000000       0x20 main.o
 .debug_aranges
                0x0000000000000020       0x20 startup_stm32f103c8t6.o

.debug_ranges   0x0000000000000000       0x10
 .debug_ranges  0x0000000000000000       0x10 main.o

.debug_line     0x0000000000000000      0x148
 .debug_line    0x0000000000000000       0xe0 main.o
 .debug_line    0x00000000000000e0       0x68 startup_stm32f103c8t6.o

.debug_str      0x0000000000000000       0xec
 .debug_str     0x0000000000000000       0xc8 main.o
 .debug_str     0x00000000000000c8       0x24 startup_stm32f103c8t6.o
                                         0x44 (size before relaxing)

.comment        0x0000000000000000       0x59
 .comment       0x0000000000000000       0x59 main.o
                                         0x5a (size before relaxing)

.ARM.attributes
                0x0000000000000000       0x2b
 .ARM.attributes
                0x0000000000000000       0x2d main.o
 .ARM.attributes
                0x000000000000002d       0x21 startup_stm32f103c8t6.o

.debug_frame    0x0000000000000000       0x20
 .debug_frame   0x0000000000000000       0x20 main.o
