
Memory Configuration

Name             Origin             Length             Attributes
FLASH            0x0000000008000000 0x0000000000010000 xr
SRAM             0x0000000020000000 0x0000000000005000 xrw
*default*        0x0000000000000000 0xffffffffffffffff

Linker script and memory map

LOAD main.o
LOAD startup_stm32f103c8t6.o
                0x0000000020005000                _estack = (ORIGIN (SRAM) + LENGTH (SRAM))

.text           0x0000000008000000      0x9d8
 *(.vectors)
 .vectors       0x0000000008000000       0xb0 startup_stm32f103c8t6.o
 *(.text*)
 .text          0x00000000080000b0      0x270 main.o
                0x00000000080002a8                SysTick_Handler
                0x00000000080002b8                EXTI0_IRQHandler
                0x00000000080002ec                EXTI1_IRQHandler
 .text.startup  0x0000000008000320      0x450 main.o
                0x0000000008000320                main
 .text          0x0000000008000770       0x50 startup_stm32f103c8t6.o
                0x0000000008000770                Reset_Handler
                0x00000000080007a4                Default_Handler
                0x00000000080007a6                DebugMon_Handler
                0x00000000080007a6                HardFault_Handler
                0x00000000080007a6                PendSV_Handler
                0x00000000080007a6                NMI_Handler
                0x00000000080007a6                UsageFault_Handler
                0x00000000080007a6                MemManage_Handler
                0x00000000080007a6                SVC_Handler
                0x00000000080007a6                BusFault_Handler
 *(.rodata*)
 .rodata.str1.4
                0x00000000080007c0       0x22 main.o
 *fill*         0x00000000080007e2        0x2 
 .rodata        0x00000000080007e4      0x1f1 main.o
                0x00000000080009d8                . = ALIGN (0x4)
 *fill*         0x00000000080009d5        0x3 
                0x00000000080009d8                _etext = .

.glue_7         0x00000000080009d8        0x0
 .glue_7        0x00000000080009d8        0x0 linker stubs

.glue_7t        0x00000000080009d8        0x0
 .glue_7t       0x00000000080009d8        0x0 linker stubs

.vfp11_veneer   0x00000000080009d8        0x0
 .vfp11_veneer  0x00000000080009d8        0x0 linker stubs

.v4_bx          0x00000000080009d8        0x0
 .v4_bx         0x00000000080009d8        0x0 linker stubs

.iplt           0x00000000080009d8        0x0
 .iplt          0x00000000080009d8        0x0 main.o

.rel.dyn        0x00000000080009d8        0x0
 .rel.iplt      0x00000000080009d8        0x0 main.o

.remote         0x0000000020000000        0x4
 *(.remote)
 .remote        0x0000000020000000        0x4 main.o
                0x0000000020000004                . = ALIGN (0x4)
                0x00000000080009d8                _sidata = LOADADDR (.data)

.data           0x0000000020000004        0x0 load address 0x00000000080009d8
                0x0000000020000004                _sdata = .
 *(.data*)
 .data          0x0000000020000004        0x0 main.o
 .data          0x0000000020000004        0x0 startup_stm32f103c8t6.o
                0x0000000020000004                . = ALIGN (0x4)
                0x0000000020000004                _edata = .

.igot.plt       0x0000000020000004        0x0 load address 0x00000000080009d8
 .igot.plt      0x0000000020000004        0x0 main.o

.bss            0x0000000020000004        0xc load address 0x00000000080009d8
                0x0000000020000004                _sbss = .
 *(.bss*)
 .bss           0x0000000020000004        0xc main.o
 .bss           0x0000000020000010        0x0 startup_stm32f103c8t6.o
 *(COMMON)
                0x0000000020000010                . = ALIGN (0x4)
                0x0000000020000010                _ebss = .
OUTPUT(firmware.elf elf32-littlearm)
LOAD linker stubs

.debug_info     0x0000000000000000      0xdda
 .debug_info    0x0000000000000000      0xdb4 main.o
 .debug_info    0x0000000000000db4       0x26 startup_stm32f103c8t6.o

.debug_abbrev   0x0000000000000000      0x384
 .debug_abbrev  0x0000000000000000      0x370 main.o
 .debug_abbrev  0x0000000000000370       0x14 startup_stm32f103c8t6.o

.debug_loc      0x0000000000000000      0x715
 .debug_loc     0x0000000000000000      0x715 main.o

.debug_aranges  0x0000000000000000       0x48
 .debug_aranges
                0x0000000000000000       0x28 main.o
 .debug_aranges
                0x0000000000000028       0x20 startup_stm32f103c8t6.o

.debug_ranges   0x0000000000000000      0x5f8
 .debug_ranges  0x0000000000000000      0x5f8 main.o

.debug_line     0x0000000000000000      0xbb1
 .debug_line    0x0000000000000000      0xb47 main.o
 .debug_line    0x0000000000000b47       0x6a startup_stm32f103c8t6.o

.debug_str      0x0000000000000000      0x2c0
 .debug_str     0x0000000000000000      0x29c main.o
                                        0x2e9 (size before relaxing)
 .debug_str     0x000000000000029c       0x24 startup_stm32f103c8t6.o
                                         0x46 (size before relaxing)

.comment        0x0000000000000000       0x59
 .comment       0x0000000000000000       0x59 main.o
                                         0x5a (size before relaxing)

.ARM.attributes
                0x0000000000000000       0x2b
 .ARM.attributes
                0x0000000000000000       0x2d main.o
 .ARM.attributes
                0x000000000000002d       0x21 startup_stm32f103c8t6.o

.debug_frame    0x0000000000000000      0x144
 .debug_frame   0x0000000000000000      0x144 main.o
